Microchip MPLAB XC8 Compiler V2.40

Linker command line:

-W-3 \
  --edf=C:\Program Files\Microchip\xc8\v2.40\pic\dat\20220703182018_en.msgs \
  -cn -h+dist/default/production\Digital2_Lab4_Master.X.production.sym \
  --cmf=dist/default/production\Digital2_Lab4_Master.X.production.cmf -z \
  -Q16F887 -oC:\Users\Black\AppData\Local\Temp\xcAsg34.4 \
  --defsym=__MPLAB_BUILD=1 --fixupoverflow=error \
  -Mdist/default/production/Digital2_Lab4_Master.X.production.map \
  --md=C:\Users\Black\AppData\Local\Temp\xcAsg34.dat -E1 -ver=XC8 Compiler \
  --acfsm=1493 -ACODE=00h-07FFhx4 -ASTRCODE=00h-01FFFh -ASTRING=00h-0FFhx32 \
  -ACONST=00h-0FFhx32 -AENTRY=00h-0FFhx32 -ACOMMON=070h-07Fh \
  -ABANK0=020h-06Fh -ABANK1=0A0h-0EFh -ABANK2=0110h-016Fh \
  -ABANK3=0190h-01EFh -ARAM=020h-06Fh,0A0h-0EFh,0110h-016Fh,0190h-01EFh \
  -AABS1=020h-07Fh,0A0h-0EFh,0110h-016Fh,0190h-01EFh -ASFR0=00h-01Fh \
  -ASFR1=080h-09Fh -ASFR2=0100h-010Fh -ASFR3=0180h-018Fh \
  -ACONFIG=02007h-02008h -DCONFIG=2 -AIDLOC=02000h-02003h -DIDLOC=2 \
  -AEEDATA=00h-0FFh/02100h -peeprom_data=EEDATA -DEEDATA=2 -DCODE=2 \
  -DSTRCODE=2 -DSTRING=2 -DCONST=2 -DENTRY=2 \
  -preset_vec=00h,intentry=04h,init,end_init -ppowerup=CODE -pcinit=CODE \
  -pfunctab=ENTRY -k C:\Users\Black\AppData\Local\Temp\xcAsg34.o \
  dist/default/production\Digital2_Lab4_Master.X.production.o 

Object code version is 3.11

Machine type is 16F887



                Name                               Link     Load   Length Selector   Space Scale
C:\Users\Black\AppData\Local\Temp\xcAsg34.o
                end_init                              C        C        3        8       0
                reset_vec                             0        0        3        0       0
                config                             2007     2007        2        0       4
                idloc                              2000     2000        4        0       5
dist/default/production\Digital2_Lab4_Master.X.production.o
                cinit                                 F        F       32        8       0
                intentry                              4        4        8        8       0
                config                             2007     2007        2        0       4
                idloc                              2000     2000        4        0       5
                text26                              6C1      6C1       4F        8       0
                text25                              E13      E13        6     1C26       0
                text24                              E91      E91       1A     1D22       0
                text23                              E4C      E4C        D     1C98       0
                text22                              710      710       4B        8       0
                text21                              EAB      EAB       20     1D56       0
                text20                              7E7      7E7       18        8       0
                text19                              7A1      7A1       46        8       0
                text18                              E66      E66       15     1CCC       0
                text17                              E7B      E7B       16     1CF6       0
                text16                              E59      E59        D     1CB2       0
                text15                              E27      E27        9     1C4E       0
                text14                              E30      E30        9     1C60       0
                text13                              E42      E42        A     1C84       0
                text12                              FC1      FC1       3F     1F82       0
                text11                              75B      75B       46        8       0
                text10                              F85      F85       3C     1F0A       0
                text9                               ECB      ECB       25     1D96       0
                text8                               61A      61A       56        8       0
                text7                               F1D      F1D       2E     1E3A       0
                text6                               E39      E39        9     1C72       0
                text5                               670      670       51        8       0
                text4                               5B2      5B2       68        8       0
                text3                               F4B      F4B       3A     1E96       0
                text2                               EF0      EF0       2D     1DE0       0
                text1                               4D6      4D6       DC        8       0
                maintext                             41       41      495        8       0
                cstackBANK0                          52       52       17       20       1
                cstackCOMMON                         70       70        A       70       1
                clrtext                             E1F      E1F        8     1C3E       0
                dataBANK0                            69       69        6       20       1
                bssBANK0                             20       20       32       20       1
                bssCOMMON                            7A       7A        1       70       1
                strings                             800      800       2C     1000       0
                idataBANK0                          E19      E19        6     1C32       0

TOTAL           Name                               Link     Load   Length     Space
        CLASS   CODE           
                end_init                              C        C        3         0
                cinit                                 F        F       32         0
                intentry                              4        4        8         0
                reset_vec                             0        0        3         0
                text26                              6C1      6C1       4F         0
                text25                              E13      E13        6         0
                text24                              E91      E91       1A         0
                text23                              E4C      E4C        D         0
                text22                              710      710       4B         0
                text21                              EAB      EAB       20         0
                text20                              7E7      7E7       18         0
                text19                              7A1      7A1       46         0
                text18                              E66      E66       15         0
                text17                              E7B      E7B       16         0
                text16                              E59      E59        D         0
                text15                              E27      E27        9         0
                text14                              E30      E30        9         0
                text13                              E42      E42        A         0
                text12                              FC1      FC1       3F         0
                text11                              75B      75B       46         0
                text10                              F85      F85       3C         0
                text9                               ECB      ECB       25         0
                text8                               61A      61A       56         0
                text7                               F1D      F1D       2E         0
                text6                               E39      E39        9         0
                text5                               670      670       51         0
                text4                               5B2      5B2       68         0
                text3                               F4B      F4B       3A         0
                text2                               EF0      EF0       2D         0
                text1                               4D6      4D6       DC         0
                maintext                             41       41      495         0
                clrtext                             E1F      E1F        8         0
                idataBANK0                          E19      E19        6         0

        CLASS   STRCODE        

        CLASS   STRING         
                strings                             800      800       2C         0

        CLASS   CONST          

        CLASS   ENTRY          

        CLASS   COMMON         
                cstackCOMMON                         70       70        A         1
                bssCOMMON                            7A       7A        1         1

        CLASS   BANK0          
                cstackBANK0                          52       52       17         1
                dataBANK0                            69       69        6         1
                bssBANK0                             20       20       32         1

        CLASS   BANK1          

        CLASS   BANK2          

        CLASS   BANK3          

        CLASS   RAM            

        CLASS   ABS1           
                abs_s1                               7E       7E        2         1

        CLASS   SFR0           

        CLASS   SFR1           

        CLASS   SFR2           

        CLASS   SFR3           

        CLASS   CONFIG         
                config                             2007     2007        2         4

        CLASS   IDLOC          
                idloc                              2000     2000        4         5

        CLASS   EEDATA         

        CLASS   STACK          



SEGMENTS        Name                           Load    Length   Top    Selector   Space  Class     Delta

                reset_vec                      000000  000003  000003         0       0  CODE        2
                intentry                       000004  0007FB  0007FF         8       0  CODE        2
                bssBANK0                       000020  00004F  00006F        20       1  BANK0       1
                cstackCOMMON                   000070  00000B  00007B        70       1  COMMON      1
                strings                        000800  00002C  00082C      1000       0  STRING      2
                text25                         000E13  000006  000E19      1C26       0  CODE        2
                idataBANK0                     000E19  000006  000E1F      1C32       0  CODE        2
                clrtext                        000E1F  000008  000E27      1C3E       0  CODE        2
                text15                         000E27  000009  000E30      1C4E       0  CODE        2
                text14                         000E30  000009  000E39      1C60       0  CODE        2
                text6                          000E39  000009  000E42      1C72       0  CODE        2
                text13                         000E42  00000A  000E4C      1C84       0  CODE        2
                text23                         000E4C  00000D  000E59      1C98       0  CODE        2
                text16                         000E59  00000D  000E66      1CB2       0  CODE        2
                text18                         000E66  000015  000E7B      1CCC       0  CODE        2
                text17                         000E7B  000016  000E91      1CF6       0  CODE        2
                text24                         000E91  00001A  000EAB      1D22       0  CODE        2
                text21                         000EAB  000020  000ECB      1D56       0  CODE        2
                text9                          000ECB  000025  000EF0      1D96       0  CODE        2
                text2                          000EF0  00002D  000F1D      1DE0       0  CODE        2
                text7                          000F1D  00002E  000F4B      1E3A       0  CODE        2
                text3                          000F4B  00003A  000F85      1E96       0  CODE        2
                text10                         000F85  00003C  000FC1      1F0A       0  CODE        2
                text12                         000FC1  00003F  001000      1F82       0  CODE        2


UNUSED ADDRESS RANGES

        Name                Unused          Largest block    Delta
        BANK0            006F-006F              1           1
        BANK1            00A0-00EF             50           1
        BANK2            0110-016F             60           1
        BANK3            0190-01EF             60           1
        CODE             0003-0003              1           2
                         07FF-07FF              1
                         082C-0E12            5E7
                         1000-1FFF            800
        COMMON           007B-007D              3           1
        CONST            0003-0003              1           2
                         07FF-07FF              1
                         082C-0E12            100
                         1000-1FFF            100
        EEDATA           2100-21FF            100           2
        ENTRY            0003-0003              1           2
                         07FF-07FF              1
                         082C-0E12            100
                         1000-1FFF            100
        RAM              006F-006F              1           1
                         00A0-00EF             50
                         0110-016F             60
                         0190-01EF             60
        SFR0             0000-001F             20           1
        SFR1             0080-009F             20           1
        SFR2             0100-010F             10           1
        SFR3             0180-018F             10           1
        STRCODE          0003-0003              1           2
                         07FF-07FF              1
                         082C-0E12            5E7
                         1000-1FFF           1000
        STRING           0003-0003              1           2
                         07FF-07FF              1
                         082C-0E12            100
                         1000-1FFF            100

                                  Symbol Table

?_I2C_Master_Read                 cstackCOMMON 0073
?___lldiv                         cstackBANK0  0052
?___lwdiv                         cstackCOMMON 0073
?___lwmod                         cstackBANK0  0055
?___wmul                          cstackCOMMON 0073
?_int_a_bcd                       cstackBANK0  0059
?_leer_reloj                      cstackBANK0  0052
?_sprintf                         cstackBANK0  0059
I2C_Master_Init@c                 cstackBANK0  005A
I2C_Master_Read@a                 cstackCOMMON 0073
I2C_Master_Read@temp              cstackCOMMON 0077
I2C_Master_Write@d                cstackCOMMON 0073
Lcd_Cmd8@a                        cstackCOMMON 0076
Lcd_Port8@a                       cstackCOMMON 0073
Lcd_Set_Cursor8@a                 cstackCOMMON 0078
Lcd_Set_Cursor8@b                 cstackCOMMON 0077
Lcd_Set_Cursor8@temp              cstackCOMMON 0079
Lcd_Write_Char8@a                 cstackCOMMON 0076
Lcd_Write_Char8@y                 cstackCOMMON 0075
Lcd_Write_String8@a               cstackCOMMON 0077
Lcd_Write_String8@i               cstackBANK0  0055
_ADC                              bssBANK0     0025
_ANSEL                            (abs)        0188
_ANSELH                           (abs)        0189
_Biciesto                         bssBANK0     002F
_CadADC                           bssBANK0     004D
_Dia                              bssBANK0     0039
_GIE                              (abs)        005F
_Hora                             bssBANK0     003E
_I2C_Master_Init                  text3        0F4B
_I2C_Master_Read                  text7        0F1D
_I2C_Master_RepeatedStart         text6        0E39
_I2C_Master_Start                 text15       0E27
_I2C_Master_Stop                  text14       0E30
_I2C_Master_Wait                  text16       0E59
_I2C_Master_Write                 text13       0E42
_INTCONbits                       (abs)        000B
_IOCB                             (abs)        0096
_Lcd_Clear8                       text23       0E4C
_Lcd_Cmd8                         text24       0E91
_Lcd_Init8                        text22       0710
_Lcd_Port8                        text25       0E13
_Lcd_Set_Cursor8                  text21       0EAB
_Lcd_Write_Char8                  text20       07E7
_Lcd_Write_String8                text19       07A1
_Mes                              bssBANK0     0034
_Minuto                           bssBANK0     0043
_OPTION_REGbits                   (abs)        0081
_OSCCONbits                       (abs)        008F
_PEIE                             (abs)        005E
_PORTA                            (abs)        0005
_PORTB                            (abs)        0006
_PORTBbits                        (abs)        0006
_PORTD                            (abs)        0008
_PORTE                            (abs)        0009
_PORTEbits                        (abs)        0009
_SSPADD                           (abs)        0093
_SSPBUF                           (abs)        0013
_SSPCON                           (abs)        0014
_SSPCON2                          (abs)        0091
_SSPCON2bits                      (abs)        0091
_SSPIE                            (abs)        0463
_SSPIF                            (abs)        0063
_SSPSTAT                          (abs)        0094
_Segundo                          bssBANK0     0048
_TRISA                            (abs)        0085
_TRISB                            (abs)        0086
_TRISC3                           (abs)        043B
_TRISC4                           (abs)        043C
_TRISCbits                        (abs)        0087
_TRISD                            (abs)        0088
_TRISE                            (abs)        0089
__Habs1                           abs1         0000
__Hbank0                          bank0        0000
__Hbank1                          bank1        0000
__Hbank2                          bank2        0000
__Hbank3                          bank3        0000
__HbssBANK0                       bssBANK0     0000
__HbssCOMMON                      bssCOMMON    0000
__Hcinit                          cinit        0041
__Hclrtext                        clrtext      0000
__Hcode                           code         0000
__Hcommon                         common       0000
__Hconfig                         config       2009
__HcstackBANK0                    cstackBANK0  0000
__HcstackCOMMON                   cstackCOMMON 0000
__HdataBANK0                      dataBANK0    0000
__Heeprom_data                    eeprom_data  0000
__Hend_init                       end_init     000F
__Hfunctab                        functab      0000
__HidataBANK0                     idataBANK0   0000
__Hidloc                          idloc        2004
__Hinit                           init         000C
__Hintentry                       intentry     000C
__Hmaintext                       maintext     0000
__Hpowerup                        powerup      0000
__Hram                            ram          0000
__Hreset_vec                      reset_vec    0003
__Hsfr0                           sfr0         0000
__Hsfr1                           sfr1         0000
__Hsfr2                           sfr2         0000
__Hsfr3                           sfr3         0000
__Hspace_0                        (abs)        1000
__Hspace_1                        (abs)        007B
__Hspace_2                        (abs)        0000
__Hspace_3                        (abs)        0000
__Hspace_4                        (abs)        4010
__Hstack                          stack        0000
__Hstrings                        strings      0000
__Htext                           text         0000
__Labs1                           abs1         0000
__Lbank0                          bank0        0000
__Lbank1                          bank1        0000
__Lbank2                          bank2        0000
__Lbank3                          bank3        0000
__LbssBANK0                       bssBANK0     0000
__LbssCOMMON                      bssCOMMON    0000
__Lcinit                          cinit        000F
__Lclrtext                        clrtext      0000
__Lcode                           code         0000
__Lcommon                         common       0000
__Lconfig                         config       0000
__LcstackBANK0                    cstackBANK0  0000
__LcstackCOMMON                   cstackCOMMON 0000
__LdataBANK0                      dataBANK0    0000
__Leeprom_data                    eeprom_data  0000
__Lend_init                       end_init     000C
__Lfunctab                        functab      0000
__LidataBANK0                     idataBANK0   0000
__Lidloc                          idloc        0000
__Linit                           init         000C
__Lintentry                       intentry     0004
__Lmaintext                       maintext     0000
__Lpowerup                        powerup      0000
__Lram                            ram          0000
__Lreset_vec                      reset_vec    0000
__Lsfr0                           sfr0         0000
__Lsfr1                           sfr1         0000
__Lsfr2                           sfr2         0000
__Lsfr3                           sfr3         0000
__Lspace_0                        (abs)        0000
__Lspace_1                        (abs)        0000
__Lspace_2                        (abs)        0000
__Lspace_3                        (abs)        0000
__Lspace_4                        (abs)        0000
__Lstack                          stack        0000
__Lstrings                        strings      0000
__Ltext                           text         0000
__S0                              (abs)        1000
__S1                              (abs)        007B
__S3                              (abs)        0000
___bmul                           text18       0E66
___bmul@multiplicand              cstackCOMMON 0073
___bmul@multiplier                cstackCOMMON 0076
___bmul@product                   cstackCOMMON 0075
___int_sp                         stack        0000
___latbits                        (abs)        0002
___lldiv                          text4        05B2
___lldiv@counter                  cstackCOMMON 0078
___lldiv@dividend                 cstackBANK0  0056
___lldiv@divisor                  cstackBANK0  0052
___lldiv@quotient                 cstackCOMMON 0074
___lwdiv                          text11       075B
___lwdiv@counter                  cstackBANK0  0052
___lwdiv@dividend                 cstackCOMMON 0075
___lwdiv@divisor                  cstackCOMMON 0073
___lwdiv@quotient                 cstackBANK0  0053
___lwmod                          text10       0F85
___lwmod@counter                  cstackCOMMON 0079
___lwmod@dividend                 cstackBANK0  0057
___lwmod@divisor                  cstackBANK0  0055
___sp                             stack        0000
___stackhi                        (abs)        0000
___stacklo                        (abs)        0000
___wmul                           text9        0ECB
___wmul@multiplicand              cstackCOMMON 0075
___wmul@multiplier                cstackCOMMON 0073
___wmul@product                   cstackCOMMON 0077
__end_of_I2C_Master_Init          text3        0F85
__end_of_I2C_Master_Read          text7        0F4B
__end_of_I2C_Master_RepeatedStart text6        0E42
__end_of_I2C_Master_Start         text15       0E30
__end_of_I2C_Master_Stop          text14       0E39
__end_of_I2C_Master_Wait          text16       0E66
__end_of_I2C_Master_Write         text13       0E4C
__end_of_Lcd_Clear8               text23       0E59
__end_of_Lcd_Cmd8                 text24       0EAB
__end_of_Lcd_Init8                text22       075B
__end_of_Lcd_Port8                text25       0E19
__end_of_Lcd_Set_Cursor8          text21       0ECB
__end_of_Lcd_Write_Char8          text20       07FF
__end_of_Lcd_Write_String8        text19       07E7
__end_of___bmul                   text18       0E7B
__end_of___lldiv                  text4        061A
__end_of___lwdiv                  text11       07A1
__end_of___lwmod                  text10       0FC1
__end_of___wmul                   text9        0EF0
__end_of__initialization          cinit        003D
__end_of__stringtab               strings      0810
__end_of_bcd_a_decimal            text17       0E91
__end_of_dpowers                  strings      081A
__end_of_escribir_reloj           text12       1000
__end_of_int_a_bcd                text8        0670
__end_of_isr                      text26       0710
__end_of_leer_reloj               text5        06C1
__end_of_main                     maintext     04D6
__end_of_setup                    text2        0F1D
__end_of_sprintf                  text1        05B2
__initialization                  cinit        000F
__pbssBANK0                       bssBANK0     0020
__pbssCOMMON                      bssCOMMON    007A
__pcstackBANK0                    cstackBANK0  0052
__pcstackCOMMON                   cstackCOMMON 0070
__pdataBANK0                      dataBANK0    0069
__pidataBANK0                     idataBANK0   0E19
__pintentry                       intentry     0004
__pmaintext                       maintext     0041
__pstrings                        strings      0800
__ptext1                          text1        04D6
__ptext10                         text10       0F85
__ptext11                         text11       075B
__ptext12                         text12       0FC1
__ptext13                         text13       0E42
__ptext14                         text14       0E30
__ptext15                         text15       0E27
__ptext16                         text16       0E59
__ptext17                         text17       0E7B
__ptext18                         text18       0E66
__ptext19                         text19       07A1
__ptext2                          text2        0EF0
__ptext20                         text20       07E7
__ptext21                         text21       0EAB
__ptext22                         text22       0710
__ptext23                         text23       0E4C
__ptext24                         text24       0E91
__ptext25                         text25       0E13
__ptext26                         text26       06C1
__ptext3                          text3        0F4B
__ptext4                          text4        05B2
__ptext5                          text5        0670
__ptext6                          text6        0E39
__ptext7                          text7        0F1D
__ptext8                          text8        061A
__ptext9                          text9        0ECB
__stringbase                      strings      080F
__stringtab                       strings      0800
_bcd_a_decimal                    text17       0E7B
_biciesto_decimal                 bssBANK0     0027
_biciestos                        bssBANK0     0020
_contador                         bssBANK0     0026
_dia_decimal                      bssBANK0     0029
_dias                             bssBANK0     0022
_dpowers                          strings      0810
_ds3231_escribir                  bssBANK0     002E
_ds3231_leer                      bssCOMMON    007A
_escribir_reloj                   text12       0FC1
_horas                            bssBANK0     0023
_horas_decimal                    bssBANK0     002A
_int_a_bcd                        text8        061A
_isr                              text26       06C1
_leer_reloj                       text5        0670
_main                             maintext     0041
_meses                            bssBANK0     0021
_meses_decimal                    bssBANK0     0028
_minutos                          bssBANK0     0024
_minutos_decimal                  bssBANK0     002B
_segundos_decimal                 bssBANK0     002C
_setup                            text2        0EF0
_sprintf                          text1        04D6
bcd_a_decimal@bcd                 cstackCOMMON 0079
btemp                             (abs)        007E
clear_ram0                        clrtext      0E1F
end_of_initialization             cinit        003D
escribir_reloj@direccion          cstackBANK0  0065
escribir_reloj@valor              cstackBANK0  0061
int_a_bcd@bcd                     cstackBANK0  005D
int_a_bcd@digit                   cstackBANK0  005B
int_a_bcd@multiplier              cstackBANK0  005F
int_a_bcd@value                   cstackBANK0  0059
interrupt_function                intentry     0004
intlevel0                         functab      0000
intlevel1                         functab      0000
intlevel2                         functab      0000
intlevel3                         functab      0000
intlevel4                         functab      0000
intlevel5                         functab      0000
leer_reloj@bcd                    cstackBANK0  0057
leer_reloj@direccion              cstackBANK0  0056
reset_vec                         reset_vec    0000
saved_w                           (abs)        007E
sprintf@ap                        cstackBANK0  005F
sprintf@c                         cstackBANK0  0065
sprintf@f                         cstackBANK0  0059
sprintf@flag                      cstackBANK0  0060
sprintf@prec                      cstackBANK0  0061
sprintf@sp                        cstackBANK0  0064
sprintf@val                       cstackBANK0  0062
start                             init         000C
start_initialization              cinit        000F
wtemp0                            (abs)        007E


MODULE INFORMATION

Module		Function		Class		Link	Load	Size
Master.c
		_bcd_a_decimal 		CODE           	0E7B	0000	22
		_main          		CODE           	0041	0000	1173
		_int_a_bcd     		CODE           	061A	0000	86
		_isr           		CODE           	06C1	0000	79
		_leer_reloj    		CODE           	0670	0000	81
		_setup         		CODE           	0EF0	0000	45
		_escribir_reloj		CODE           	0FC1	0000	63

Master.c estimated size: 1549

C:\Program Files\Microchip\xc8\v2.40\pic\sources\c90\common\Umul8.c
		___bmul        		CODE           	0E66	0000	21

C:\Program Files\Microchip\xc8\v2.40\pic\sources\c90\common\Umul8.c estimated size: 21

LCD8bits.c
		_Lcd_Init8     		CODE           	0710	0000	75
		_Lcd_Cmd8      		CODE           	0E91	0000	26
		_Lcd_Write_Char8		CODE           	07E7	0000	24
		_Lcd_Write_String8		CODE           	07A1	0000	70
		_Lcd_Clear8    		CODE           	0E4C	0000	13
		_Lcd_Set_Cursor8		CODE           	0EAB	0000	32
		_Lcd_Port8     		CODE           	0E13	0000	6

LCD8bits.c estimated size: 246

I2C.c
		_I2C_Master_Read		CODE           	0F1D	0000	46
		_I2C_Master_Wait		CODE           	0E59	0000	13
		_I2C_Master_Init		CODE           	0F4B	0000	58
		_I2C_Master_Stop		CODE           	0E30	0000	9
		_I2C_Master_RepeatedStart		CODE           	0E39	0000	9
		_I2C_Master_Write		CODE           	0E42	0000	10
		_I2C_Master_Start		CODE           	0E27	0000	9

I2C.c estimated size: 154

C:\Program Files\Microchip\xc8\v2.40\pic\sources\c90\common\__lldiv.c
		___lldiv       		CODE           	05B2	0000	104

C:\Program Files\Microchip\xc8\v2.40\pic\sources\c90\common\__lldiv.c estimated size: 104

C:\Program Files\Microchip\xc8\v2.40\pic\sources\c90\common\doprnt.c
		_sprintf       		CODE           	04D6	0000	220

C:\Program Files\Microchip\xc8\v2.40\pic\sources\c90\common\doprnt.c estimated size: 220

C:\Program Files\Microchip\xc8\v2.40\pic\sources\c90\common\Umul16.c
		___wmul        		CODE           	0ECB	0000	37

C:\Program Files\Microchip\xc8\v2.40\pic\sources\c90\common\Umul16.c estimated size: 37

C:\Program Files\Microchip\xc8\v2.40\pic\sources\c90\common\lwmod.c
		___lwmod       		CODE           	0F85	0000	60

C:\Program Files\Microchip\xc8\v2.40\pic\sources\c90\common\lwmod.c estimated size: 60

shared
		__stringtab    		STRING         	0800	0000	16
		_dpowers       		STRING         	0810	0000	10
		__initialization		CODE           	000F	0000	46

shared estimated size: 72

C:\Program Files\Microchip\xc8\v2.40\pic\sources\c90\common\lwdiv.c
		___lwdiv       		CODE           	075B	0000	70

C:\Program Files\Microchip\xc8\v2.40\pic\sources\c90\common\lwdiv.c estimated size: 70

